// Jest Snapshot v1, https://goo.gl/fbAQLP

exports[`Card Header should render without throwing an error 1`] = `
.c0 {
  padding: 20px;
  background-color: #FFA726;
}

.c1 {
  color: #ecf0f1;
}

<LocalizedComponent>
  <CardHeader
    addTranslation={[Function]}
    addTranslationForLanguage={[Function]}
    ignoreTranslateChildren={false}
    initialize={[Function]}
    languages={Array []}
    renderToStaticMarkup={false}
    setActiveLanguage={[Function]}
    translate={[Function]}
  >
    <CardHeader__Header>
      <StyledComponent
        forwardedComponent={
          Object {
            "$$typeof": Symbol(react.forward_ref),
            "attrs": Array [],
            "componentStyle": ComponentStyle {
              "componentId": "CardHeader__Header-dke0mu-0",
              "isStatic": false,
              "lastClassName": "c0",
              "rules": Array [
                "padding:20px;background-color:",
                [Function],
                ";",
              ],
            },
            "displayName": "CardHeader__Header",
            "foldedComponentIds": Array [],
            "render": [Function],
            "styledComponentId": "CardHeader__Header-dke0mu-0",
            "target": "header",
            "toString": [Function],
            "warnTooManyClasses": [Function],
            "withComponent": [Function],
          }
        }
        forwardedRef={null}
      >
        <header
          className="c0"
        >
          <CardHeader__MainText>
            <StyledComponent
              forwardedComponent={
                Object {
                  "$$typeof": Symbol(react.forward_ref),
                  "attrs": Array [],
                  "componentStyle": ComponentStyle {
                    "componentId": "CardHeader__MainText-dke0mu-1",
                    "isStatic": false,
                    "lastClassName": "c1",
                    "rules": Array [
                      "color:",
                      [Function],
                      ";",
                    ],
                  },
                  "displayName": "CardHeader__MainText",
                  "foldedComponentIds": Array [],
                  "render": [Function],
                  "styledComponentId": "CardHeader__MainText-dke0mu-1",
                  "target": "h2",
                  "toString": [Function],
                  "warnTooManyClasses": [Function],
                  "withComponent": [Function],
                }
              }
              forwardedRef={null}
            >
              <h2
                className="c1"
              >
                <Translate
                  id="About me"
                >
                  <WrappedTranslate
                    context={
                      Object {
                        "activeLanguage": undefined,
                        "addTranslation": [Function],
                        "addTranslationForLanguage": [Function],
                        "defaultLanguage": undefined,
                        "ignoreTranslateChildren": false,
                        "initialize": [Function],
                        "languages": Array [],
                        "renderToStaticMarkup": false,
                        "setActiveLanguage": [Function],
                        "translate": [Function],
                      }
                    }
                    id="About me"
                  >
                    Missing translationId: About me for language: \${ languageCode }
                  </WrappedTranslate>
                </Translate>
              </h2>
            </StyledComponent>
          </CardHeader__MainText>
          <CardHeader__SubText>
            <StyledComponent
              forwardedComponent={
                Object {
                  "$$typeof": Symbol(react.forward_ref),
                  "attrs": Array [],
                  "componentStyle": ComponentStyle {
                    "componentId": "CardHeader__SubText-dke0mu-2",
                    "isStatic": false,
                    "lastClassName": "kbCwAU",
                    "rules": Array [],
                  },
                  "displayName": "CardHeader__SubText",
                  "foldedComponentIds": Array [],
                  "render": [Function],
                  "styledComponentId": "CardHeader__SubText-dke0mu-2",
                  "target": "h4",
                  "toString": [Function],
                  "warnTooManyClasses": [Function],
                  "withComponent": [Function],
                }
              }
              forwardedRef={null}
            >
              <h4
                className=""
              >
                <Translate
                  id="About Me: Subtext"
                >
                  <WrappedTranslate
                    context={
                      Object {
                        "activeLanguage": undefined,
                        "addTranslation": [Function],
                        "addTranslationForLanguage": [Function],
                        "defaultLanguage": undefined,
                        "ignoreTranslateChildren": false,
                        "initialize": [Function],
                        "languages": Array [],
                        "renderToStaticMarkup": false,
                        "setActiveLanguage": [Function],
                        "translate": [Function],
                      }
                    }
                    id="About Me: Subtext"
                  >
                    Missing translationId: About Me: Subtext for language: \${ languageCode }
                  </WrappedTranslate>
                </Translate>
              </h4>
            </StyledComponent>
          </CardHeader__SubText>
        </header>
      </StyledComponent>
    </CardHeader__Header>
  </CardHeader>
</LocalizedComponent>
`;
