// Jest Snapshot v1, https://goo.gl/fbAQLP

exports[`Blogs Article should render without throwing an error 1`] = `
<Article__AllowedClickContainer
  data-test-id="article-container"
  onClick={[Function]}
>
  <ForwardRef
    noGutters={false}
  >
    <Article__Title>
      test header
    </Article__Title>
  </ForwardRef>
  <ForwardRef
    noGutters={false}
  >
    <Article__Summary>
      test brief
    </Article__Summary>
  </ForwardRef>
</Article__AllowedClickContainer>
`;
