// Jest Snapshot v1, https://goo.gl/fbAQLP

exports[`Certification should render without throwing an error 1`] = `
<Certification>
  <Container>
    <Container__Style>
      <section
        className="Container__Style-sc-3utn0w-0 fovYsq"
      >
        <Anchor
          id="Certifications"
          top={-125}
        >
          <span
            className="Anchor-sc-1axmo0z-0 hMVkAm"
            id="Certifications"
          />
        </Anchor>
        <Container
          fluid={false}
        >
          <div
            className="container"
          >
            <Header>
              <Header__Container>
                <header
                  className="Header__Container-hz47ou-0 dxCyVk"
                >
                  <h2>
                    <Translate
                      id="Certifications and Prizes"
                    >
                      <WrappedTranslate
                        context={
                          Object {
                            "activeLanguage": undefined,
                            "addTranslation": [Function],
                            "addTranslationForLanguage": [Function],
                            "defaultLanguage": undefined,
                            "ignoreTranslateChildren": false,
                            "initialize": [Function],
                            "languages": Array [],
                            "renderToStaticMarkup": false,
                            "setActiveLanguage": [Function],
                            "translate": [Function],
                          }
                        }
                        id="Certifications and Prizes"
                      >
                        Missing translationId: Certifications and Prizes for language: \${ languageCode }
                      </WrappedTranslate>
                    </Translate>
                  </h2>
                </header>
              </Header__Container>
            </Header>
            <Carousel
              controls={true}
              defaultActiveIndex={0}
              fade={false}
              indicators={true}
              interval={2000}
              keyboard={true}
              nextIcon={
                <span
                  aria-hidden="true"
                  className="carousel-control-next-icon"
                />
              }
              nextLabel="Next"
              pause="hover"
              prevIcon={
                <span
                  aria-hidden="true"
                  className="carousel-control-prev-icon"
                />
              }
              prevLabel="Previous"
              slide={true}
              touch={true}
              wrap={true}
            >
              <div
                className="carousel slide"
                onKeyDown={[Function]}
                onMouseOut={[Function]}
                onMouseOver={[Function]}
                onTouchEnd={[Function]}
                onTouchMove={[Function]}
                onTouchStart={[Function]}
              >
                <ol
                  className="carousel-indicators"
                >
                  <li
                    className="active"
                    key=".$0"
                    onClick={[Function]}
                  />
                  <li
                    className={null}
                    key=".$1"
                    onClick={[Function]}
                  />
                  <li
                    className={null}
                    key=".$2"
                    onClick={[Function]}
                  />
                  <li
                    className={null}
                    key=".$3"
                    onClick={[Function]}
                  />
                  <li
                    className={null}
                    key=".$4"
                    onClick={[Function]}
                  />
                </ol>
                <div
                  className="carousel-inner"
                >
                  <Transition
                    addEndListener={[Function]}
                    appear={false}
                    enter={true}
                    exit={true}
                    in={true}
                    key=".$0"
                    mountOnEnter={false}
                    onEnter={[Function]}
                    onEntered={[Function]}
                    onEntering={[Function]}
                    onExit={[Function]}
                    onExited={[Function]}
                    onExiting={[Function]}
                    unmountOnExit={false}
                  >
                    <CertInfo
                      className="active"
                      content="CertContentBachelor"
                      cover="/images/certs/graduation.webp"
                      coverMobile="/images/certs/graduation-mobile.webp"
                      id="cert-info-1"
                      key="0"
                      title="CertBachelor"
                    >
                      <CarouselItem
                        className="active"
                        id="cert-info-1"
                      >
                        <div
                          className="active carousel-item"
                          id="cert-info-1"
                        >
                          <CertInfo__Container>
                            <div
                              className="CertInfo__Container-sc-1xe9lwl-0 cYCcNv"
                            >
                              <CertInfo__Image
                                alt="CertBachelor"
                                className="d-block w-100 h-100"
                                src="/images/certs/graduation.webp"
                              >
                                <img
                                  alt="CertBachelor"
                                  className="CertInfo__Image-sc-1xe9lwl-1 bJqpNd d-block w-100 h-100"
                                  src="/images/certs/graduation.webp"
                                />
                              </CertInfo__Image>
                              <CarouselCaption>
                                <div
                                  className="carousel-caption"
                                >
                                  <Info>
                                    <div
                                      className="Info-kxijpf-0 FEWIS"
                                    >
                                      <Title>
                                        <h4
                                          className="Title-sdbbbt-0 fIZtgO"
                                        >
                                          <Translate
                                            id="CertBachelor"
                                          >
                                            <WrappedTranslate
                                              context={
                                                Object {
                                                  "activeLanguage": undefined,
                                                  "addTranslation": [Function],
                                                  "addTranslationForLanguage": [Function],
                                                  "defaultLanguage": undefined,
                                                  "ignoreTranslateChildren": false,
                                                  "initialize": [Function],
                                                  "languages": Array [],
                                                  "renderToStaticMarkup": false,
                                                  "setActiveLanguage": [Function],
                                                  "translate": [Function],
                                                }
                                              }
                                              id="CertBachelor"
                                            >
                                              Missing translationId: CertBachelor for language: \${ languageCode }
                                            </WrappedTranslate>
                                          </Translate>
                                        </h4>
                                      </Title>
                                      <CertInfo__Text>
                                        <p
                                          className="CertInfo__Text-sc-1xe9lwl-2 bdVSIt"
                                        >
                                          <Translate
                                            id="CertContentBachelor"
                                          >
                                            <WrappedTranslate
                                              context={
                                                Object {
                                                  "activeLanguage": undefined,
                                                  "addTranslation": [Function],
                                                  "addTranslationForLanguage": [Function],
                                                  "defaultLanguage": undefined,
                                                  "ignoreTranslateChildren": false,
                                                  "initialize": [Function],
                                                  "languages": Array [],
                                                  "renderToStaticMarkup": false,
                                                  "setActiveLanguage": [Function],
                                                  "translate": [Function],
                                                }
                                              }
                                              id="CertContentBachelor"
                                            >
                                              Missing translationId: CertContentBachelor for language: \${ languageCode }
                                            </WrappedTranslate>
                                          </Translate>
                                        </p>
                                      </CertInfo__Text>
                                    </div>
                                  </Info>
                                </div>
                              </CarouselCaption>
                            </div>
                          </CertInfo__Container>
                        </div>
                      </CarouselItem>
                    </CertInfo>
                  </Transition>
                  <Transition
                    addEndListener={[Function]}
                    appear={false}
                    enter={true}
                    exit={true}
                    in={false}
                    key=".$1"
                    mountOnEnter={false}
                    onEnter={null}
                    onEntered={null}
                    onEntering={[Function]}
                    onExit={[Function]}
                    onExited={[Function]}
                    onExiting={[Function]}
                    unmountOnExit={false}
                  >
                    <CertInfo
                      className=""
                      content="CertContentComm"
                      cover="/images/certs/communication.webp"
                      coverMobile="/images/certs/communication-mobile.webp"
                      id="cert-info-2"
                      key="1"
                      title="CertCom"
                    >
                      <CarouselItem
                        className=""
                        id="cert-info-2"
                      >
                        <div
                          className="carousel-item"
                          id="cert-info-2"
                        >
                          <CertInfo__Container>
                            <div
                              className="CertInfo__Container-sc-1xe9lwl-0 cYCcNv"
                            >
                              <CertInfo__Image
                                alt="CertCom"
                                className="d-block w-100 h-100"
                                src="/images/certs/communication.webp"
                              >
                                <img
                                  alt="CertCom"
                                  className="CertInfo__Image-sc-1xe9lwl-1 bJqpNd d-block w-100 h-100"
                                  src="/images/certs/communication.webp"
                                />
                              </CertInfo__Image>
                              <CarouselCaption>
                                <div
                                  className="carousel-caption"
                                >
                                  <Info>
                                    <div
                                      className="Info-kxijpf-0 FEWIS"
                                    >
                                      <Title>
                                        <h4
                                          className="Title-sdbbbt-0 fIZtgO"
                                        >
                                          <Translate
                                            id="CertCom"
                                          >
                                            <WrappedTranslate
                                              context={
                                                Object {
                                                  "activeLanguage": undefined,
                                                  "addTranslation": [Function],
                                                  "addTranslationForLanguage": [Function],
                                                  "defaultLanguage": undefined,
                                                  "ignoreTranslateChildren": false,
                                                  "initialize": [Function],
                                                  "languages": Array [],
                                                  "renderToStaticMarkup": false,
                                                  "setActiveLanguage": [Function],
                                                  "translate": [Function],
                                                }
                                              }
                                              id="CertCom"
                                            >
                                              Missing translationId: CertCom for language: \${ languageCode }
                                            </WrappedTranslate>
                                          </Translate>
                                        </h4>
                                      </Title>
                                      <CertInfo__Text>
                                        <p
                                          className="CertInfo__Text-sc-1xe9lwl-2 bdVSIt"
                                        >
                                          <Translate
                                            id="CertContentComm"
                                          >
                                            <WrappedTranslate
                                              context={
                                                Object {
                                                  "activeLanguage": undefined,
                                                  "addTranslation": [Function],
                                                  "addTranslationForLanguage": [Function],
                                                  "defaultLanguage": undefined,
                                                  "ignoreTranslateChildren": false,
                                                  "initialize": [Function],
                                                  "languages": Array [],
                                                  "renderToStaticMarkup": false,
                                                  "setActiveLanguage": [Function],
                                                  "translate": [Function],
                                                }
                                              }
                                              id="CertContentComm"
                                            >
                                              Missing translationId: CertContentComm for language: \${ languageCode }
                                            </WrappedTranslate>
                                          </Translate>
                                        </p>
                                      </CertInfo__Text>
                                    </div>
                                  </Info>
                                </div>
                              </CarouselCaption>
                            </div>
                          </CertInfo__Container>
                        </div>
                      </CarouselItem>
                    </CertInfo>
                  </Transition>
                  <Transition
                    addEndListener={[Function]}
                    appear={false}
                    enter={true}
                    exit={true}
                    in={false}
                    key=".$2"
                    mountOnEnter={false}
                    onEnter={null}
                    onEntered={null}
                    onEntering={[Function]}
                    onExit={[Function]}
                    onExited={[Function]}
                    onExiting={[Function]}
                    unmountOnExit={false}
                  >
                    <CertInfo
                      className=""
                      content="CertContentACMPrize"
                      cover="/images/certs/award.webp"
                      coverMobile="/images/certs/award-mobile.webp"
                      id="cert-info-3"
                      key="2"
                      title="CertACMPrize"
                    >
                      <CarouselItem
                        className=""
                        id="cert-info-3"
                      >
                        <div
                          className="carousel-item"
                          id="cert-info-3"
                        >
                          <CertInfo__Container>
                            <div
                              className="CertInfo__Container-sc-1xe9lwl-0 cYCcNv"
                            >
                              <CertInfo__Image
                                alt="CertACMPrize"
                                className="d-block w-100 h-100"
                                src="/images/certs/award.webp"
                              >
                                <img
                                  alt="CertACMPrize"
                                  className="CertInfo__Image-sc-1xe9lwl-1 bJqpNd d-block w-100 h-100"
                                  src="/images/certs/award.webp"
                                />
                              </CertInfo__Image>
                              <CarouselCaption>
                                <div
                                  className="carousel-caption"
                                >
                                  <Info>
                                    <div
                                      className="Info-kxijpf-0 FEWIS"
                                    >
                                      <Title>
                                        <h4
                                          className="Title-sdbbbt-0 fIZtgO"
                                        >
                                          <Translate
                                            id="CertACMPrize"
                                          >
                                            <WrappedTranslate
                                              context={
                                                Object {
                                                  "activeLanguage": undefined,
                                                  "addTranslation": [Function],
                                                  "addTranslationForLanguage": [Function],
                                                  "defaultLanguage": undefined,
                                                  "ignoreTranslateChildren": false,
                                                  "initialize": [Function],
                                                  "languages": Array [],
                                                  "renderToStaticMarkup": false,
                                                  "setActiveLanguage": [Function],
                                                  "translate": [Function],
                                                }
                                              }
                                              id="CertACMPrize"
                                            >
                                              Missing translationId: CertACMPrize for language: \${ languageCode }
                                            </WrappedTranslate>
                                          </Translate>
                                        </h4>
                                      </Title>
                                      <CertInfo__Text>
                                        <p
                                          className="CertInfo__Text-sc-1xe9lwl-2 bdVSIt"
                                        >
                                          <Translate
                                            id="CertContentACMPrize"
                                          >
                                            <WrappedTranslate
                                              context={
                                                Object {
                                                  "activeLanguage": undefined,
                                                  "addTranslation": [Function],
                                                  "addTranslationForLanguage": [Function],
                                                  "defaultLanguage": undefined,
                                                  "ignoreTranslateChildren": false,
                                                  "initialize": [Function],
                                                  "languages": Array [],
                                                  "renderToStaticMarkup": false,
                                                  "setActiveLanguage": [Function],
                                                  "translate": [Function],
                                                }
                                              }
                                              id="CertContentACMPrize"
                                            >
                                              Missing translationId: CertContentACMPrize for language: \${ languageCode }
                                            </WrappedTranslate>
                                          </Translate>
                                        </p>
                                      </CertInfo__Text>
                                    </div>
                                  </Info>
                                </div>
                              </CarouselCaption>
                            </div>
                          </CertInfo__Container>
                        </div>
                      </CarouselItem>
                    </CertInfo>
                  </Transition>
                  <Transition
                    addEndListener={[Function]}
                    appear={false}
                    enter={true}
                    exit={true}
                    in={false}
                    key=".$3"
                    mountOnEnter={false}
                    onEnter={null}
                    onEntered={null}
                    onEntering={[Function]}
                    onExit={[Function]}
                    onExited={[Function]}
                    onExiting={[Function]}
                    unmountOnExit={false}
                  >
                    <CertInfo
                      className=""
                      content="CertContentSPrize"
                      cover="/images/certs/award.webp"
                      coverMobile="/images/certs/award-mobile.webp"
                      id="cert-info-4"
                      key="3"
                      title="CertSPrize"
                    >
                      <CarouselItem
                        className=""
                        id="cert-info-4"
                      >
                        <div
                          className="carousel-item"
                          id="cert-info-4"
                        >
                          <CertInfo__Container>
                            <div
                              className="CertInfo__Container-sc-1xe9lwl-0 cYCcNv"
                            >
                              <CertInfo__Image
                                alt="CertSPrize"
                                className="d-block w-100 h-100"
                                src="/images/certs/award.webp"
                              >
                                <img
                                  alt="CertSPrize"
                                  className="CertInfo__Image-sc-1xe9lwl-1 bJqpNd d-block w-100 h-100"
                                  src="/images/certs/award.webp"
                                />
                              </CertInfo__Image>
                              <CarouselCaption>
                                <div
                                  className="carousel-caption"
                                >
                                  <Info>
                                    <div
                                      className="Info-kxijpf-0 FEWIS"
                                    >
                                      <Title>
                                        <h4
                                          className="Title-sdbbbt-0 fIZtgO"
                                        >
                                          <Translate
                                            id="CertSPrize"
                                          >
                                            <WrappedTranslate
                                              context={
                                                Object {
                                                  "activeLanguage": undefined,
                                                  "addTranslation": [Function],
                                                  "addTranslationForLanguage": [Function],
                                                  "defaultLanguage": undefined,
                                                  "ignoreTranslateChildren": false,
                                                  "initialize": [Function],
                                                  "languages": Array [],
                                                  "renderToStaticMarkup": false,
                                                  "setActiveLanguage": [Function],
                                                  "translate": [Function],
                                                }
                                              }
                                              id="CertSPrize"
                                            >
                                              Missing translationId: CertSPrize for language: \${ languageCode }
                                            </WrappedTranslate>
                                          </Translate>
                                        </h4>
                                      </Title>
                                      <CertInfo__Text>
                                        <p
                                          className="CertInfo__Text-sc-1xe9lwl-2 bdVSIt"
                                        >
                                          <Translate
                                            id="CertContentSPrize"
                                          >
                                            <WrappedTranslate
                                              context={
                                                Object {
                                                  "activeLanguage": undefined,
                                                  "addTranslation": [Function],
                                                  "addTranslationForLanguage": [Function],
                                                  "defaultLanguage": undefined,
                                                  "ignoreTranslateChildren": false,
                                                  "initialize": [Function],
                                                  "languages": Array [],
                                                  "renderToStaticMarkup": false,
                                                  "setActiveLanguage": [Function],
                                                  "translate": [Function],
                                                }
                                              }
                                              id="CertContentSPrize"
                                            >
                                              Missing translationId: CertContentSPrize for language: \${ languageCode }
                                            </WrappedTranslate>
                                          </Translate>
                                        </p>
                                      </CertInfo__Text>
                                    </div>
                                  </Info>
                                </div>
                              </CarouselCaption>
                            </div>
                          </CertInfo__Container>
                        </div>
                      </CarouselItem>
                    </CertInfo>
                  </Transition>
                  <Transition
                    addEndListener={[Function]}
                    appear={false}
                    enter={true}
                    exit={true}
                    in={false}
                    key=".$4"
                    mountOnEnter={false}
                    onEnter={null}
                    onEntered={null}
                    onEntering={[Function]}
                    onExit={[Function]}
                    onExited={[Function]}
                    onExiting={[Function]}
                    unmountOnExit={false}
                  >
                    <CertInfo
                      className=""
                      content="CertContentFPrize"
                      cover="/images/certs/award.webp"
                      coverMobile="/images/certs/award-mobile.webp"
                      id="cert-info-5"
                      key="4"
                      title="CertFPrize"
                    >
                      <CarouselItem
                        className=""
                        id="cert-info-5"
                      >
                        <div
                          className="carousel-item"
                          id="cert-info-5"
                        >
                          <CertInfo__Container>
                            <div
                              className="CertInfo__Container-sc-1xe9lwl-0 cYCcNv"
                            >
                              <CertInfo__Image
                                alt="CertFPrize"
                                className="d-block w-100 h-100"
                                src="/images/certs/award.webp"
                              >
                                <img
                                  alt="CertFPrize"
                                  className="CertInfo__Image-sc-1xe9lwl-1 bJqpNd d-block w-100 h-100"
                                  src="/images/certs/award.webp"
                                />
                              </CertInfo__Image>
                              <CarouselCaption>
                                <div
                                  className="carousel-caption"
                                >
                                  <Info>
                                    <div
                                      className="Info-kxijpf-0 FEWIS"
                                    >
                                      <Title>
                                        <h4
                                          className="Title-sdbbbt-0 fIZtgO"
                                        >
                                          <Translate
                                            id="CertFPrize"
                                          >
                                            <WrappedTranslate
                                              context={
                                                Object {
                                                  "activeLanguage": undefined,
                                                  "addTranslation": [Function],
                                                  "addTranslationForLanguage": [Function],
                                                  "defaultLanguage": undefined,
                                                  "ignoreTranslateChildren": false,
                                                  "initialize": [Function],
                                                  "languages": Array [],
                                                  "renderToStaticMarkup": false,
                                                  "setActiveLanguage": [Function],
                                                  "translate": [Function],
                                                }
                                              }
                                              id="CertFPrize"
                                            >
                                              Missing translationId: CertFPrize for language: \${ languageCode }
                                            </WrappedTranslate>
                                          </Translate>
                                        </h4>
                                      </Title>
                                      <CertInfo__Text>
                                        <p
                                          className="CertInfo__Text-sc-1xe9lwl-2 bdVSIt"
                                        >
                                          <Translate
                                            id="CertContentFPrize"
                                          >
                                            <WrappedTranslate
                                              context={
                                                Object {
                                                  "activeLanguage": undefined,
                                                  "addTranslation": [Function],
                                                  "addTranslationForLanguage": [Function],
                                                  "defaultLanguage": undefined,
                                                  "ignoreTranslateChildren": false,
                                                  "initialize": [Function],
                                                  "languages": Array [],
                                                  "renderToStaticMarkup": false,
                                                  "setActiveLanguage": [Function],
                                                  "translate": [Function],
                                                }
                                              }
                                              id="CertContentFPrize"
                                            >
                                              Missing translationId: CertContentFPrize for language: \${ languageCode }
                                            </WrappedTranslate>
                                          </Translate>
                                        </p>
                                      </CertInfo__Text>
                                    </div>
                                  </Info>
                                </div>
                              </CarouselCaption>
                            </div>
                          </CertInfo__Container>
                        </div>
                      </CarouselItem>
                    </CertInfo>
                  </Transition>
                </div>
                <SafeAnchor
                  className="carousel-control-prev"
                  onClick={[Function]}
                >
                  <a
                    className="carousel-control-prev"
                    href="#"
                    onClick={[Function]}
                    onKeyDown={[Function]}
                    role="button"
                  >
                    <span
                      aria-hidden="true"
                      className="carousel-control-prev-icon"
                    />
                    <span
                      className="sr-only"
                    >
                      Previous
                    </span>
                  </a>
                </SafeAnchor>
                <SafeAnchor
                  className="carousel-control-next"
                  onClick={[Function]}
                >
                  <a
                    className="carousel-control-next"
                    href="#"
                    onClick={[Function]}
                    onKeyDown={[Function]}
                    role="button"
                  >
                    <span
                      aria-hidden="true"
                      className="carousel-control-next-icon"
                    />
                    <span
                      className="sr-only"
                    >
                      Next
                    </span>
                  </a>
                </SafeAnchor>
              </div>
            </Carousel>
          </div>
        </Container>
      </section>
    </Container__Style>
  </Container>
</Certification>
`;
