// Jest Snapshot v1, https://goo.gl/fbAQLP

exports[`Experiences should render without throwing an error 1`] = `
<Experiences>
  <Container>
    <Container__Style>
      <section
        className="Container__Style-sc-3utn0w-0 fovYsq"
      >
        <Anchor
          id="Experiences"
          top={-125}
        >
          <span
            className="Anchor-sc-1axmo0z-0 fyFXXM"
            id="Experiences"
          />
        </Anchor>
        <Container
          fluid={false}
        >
          <div
            className="container"
          >
            <Header>
              <Header__Container>
                <header
                  className="Header__Container-hz47ou-0 dxCyVk"
                >
                  <h2>
                    <Translate
                      id="Exp: Title"
                    >
                      <WrappedTranslate
                        context={
                          Object {
                            "activeLanguage": undefined,
                            "addTranslation": [Function],
                            "addTranslationForLanguage": [Function],
                            "defaultLanguage": undefined,
                            "ignoreTranslateChildren": false,
                            "initialize": [Function],
                            "languages": Array [],
                            "renderToStaticMarkup": false,
                            "setActiveLanguage": [Function],
                            "translate": [Function],
                          }
                        }
                        id="Exp: Title"
                      >
                        Missing translationId: Exp: Title for language: \${ languageCode }
                      </WrappedTranslate>
                    </Translate>
                  </h2>
                  <h4>
                    <Translate
                      id="Exp: SubTitle"
                    >
                      <WrappedTranslate
                        context={
                          Object {
                            "activeLanguage": undefined,
                            "addTranslation": [Function],
                            "addTranslationForLanguage": [Function],
                            "defaultLanguage": undefined,
                            "ignoreTranslateChildren": false,
                            "initialize": [Function],
                            "languages": Array [],
                            "renderToStaticMarkup": false,
                            "setActiveLanguage": [Function],
                            "translate": [Function],
                          }
                        }
                        id="Exp: SubTitle"
                      >
                        Missing translationId: Exp: SubTitle for language: \${ languageCode }
                      </WrappedTranslate>
                    </Translate>
                  </h4>
                </header>
              </Header__Container>
            </Header>
            <VerticalTimeline
              animate={false}
              className="vertical-timeline-experience-line"
            >
              <Experience
                company="Zalora"
                icon="/images/companies/zalora.webp"
                key="0"
              >
                <VerticalTimelineElement
                  className="vertical-timeline-element--work"
                  contentArrowStyle={
                    Object {
                      "borderRight": "10px solid  #f3f6f6",
                    }
                  }
                  contentStyle={
                    Object {
                      "background": "#f3f6f6",
                      "borderTop": "4px solid  #FFA500",
                      "paddingLeft": 25,
                    }
                  }
                  date={
                    <Experience__Dates>
                      <Translate
                        id="Exp: Zalora Dates"
                      />
                    </Experience__Dates>
                  }
                  icon={
                    <Experience__Logo
                      alt="Zalora"
                      src="/images/companies/zalora.webp"
                    />
                  }
                  iconStyle={
                    Object {
                      "alignItems": "center",
                      "background": "#f8f8ff ",
                      "boxShadow": "0 0 0 3px #FFA500, inset 0 2px 0 rgba(0,0,0,.08), 0 3px 0 4px rgba(0,0,0,.05)",
                      "color": "black",
                      "display": "flex",
                      "justifyContent": "center",
                      "overflow": "hidden",
                    }
                  }
                />
              </Experience>
              <Experience
                company="Dek"
                icon="/images/companies/dek.webp"
                key="1"
              >
                <VerticalTimelineElement
                  className="vertical-timeline-element--work"
                  contentArrowStyle={
                    Object {
                      "borderRight": "10px solid  #f3f6f6",
                    }
                  }
                  contentStyle={
                    Object {
                      "background": "#f3f6f6",
                      "borderTop": "4px solid  #FFA500",
                      "paddingLeft": 25,
                    }
                  }
                  date={
                    <Experience__Dates>
                      <Translate
                        id="Exp: Dek Dates"
                      />
                    </Experience__Dates>
                  }
                  icon={
                    <Experience__Logo
                      alt="Dek"
                      src="/images/companies/dek.webp"
                    />
                  }
                  iconStyle={
                    Object {
                      "alignItems": "center",
                      "background": "#f8f8ff ",
                      "boxShadow": "0 0 0 3px #FFA500, inset 0 2px 0 rgba(0,0,0,.08), 0 3px 0 4px rgba(0,0,0,.05)",
                      "color": "black",
                      "display": "flex",
                      "justifyContent": "center",
                      "overflow": "hidden",
                    }
                  }
                />
              </Experience>
              <Experience
                company="GCS"
                icon="/images/companies/gcs.webp"
                key="2"
              >
                <VerticalTimelineElement
                  className="vertical-timeline-element--work"
                  contentArrowStyle={
                    Object {
                      "borderRight": "10px solid  #f3f6f6",
                    }
                  }
                  contentStyle={
                    Object {
                      "background": "#f3f6f6",
                      "borderTop": "4px solid  #FFA500",
                      "paddingLeft": 25,
                    }
                  }
                  date={
                    <Experience__Dates>
                      <Translate
                        id="Exp: GCS Dates"
                      />
                    </Experience__Dates>
                  }
                  icon={
                    <Experience__Logo
                      alt="GCS"
                      src="/images/companies/gcs.webp"
                    />
                  }
                  iconStyle={
                    Object {
                      "alignItems": "center",
                      "background": "#f8f8ff ",
                      "boxShadow": "0 0 0 3px #FFA500, inset 0 2px 0 rgba(0,0,0,.08), 0 3px 0 4px rgba(0,0,0,.05)",
                      "color": "black",
                      "display": "flex",
                      "justifyContent": "center",
                      "overflow": "hidden",
                    }
                  }
                />
              </Experience>
              <Experience
                company="GCS-intern"
                icon="/images/companies/gcs.webp"
                key="3"
              >
                <VerticalTimelineElement
                  className="vertical-timeline-element--work"
                  contentArrowStyle={
                    Object {
                      "borderRight": "10px solid  #f3f6f6",
                    }
                  }
                  contentStyle={
                    Object {
                      "background": "#f3f6f6",
                      "borderTop": "4px solid  #FFA500",
                      "paddingLeft": 25,
                    }
                  }
                  date={
                    <Experience__Dates>
                      <Translate
                        id="Exp: GCS-intern Dates"
                      />
                    </Experience__Dates>
                  }
                  icon={
                    <Experience__Logo
                      alt="GCS-intern"
                      src="/images/companies/gcs.webp"
                    />
                  }
                  iconStyle={
                    Object {
                      "alignItems": "center",
                      "background": "#f8f8ff ",
                      "boxShadow": "0 0 0 3px #FFA500, inset 0 2px 0 rgba(0,0,0,.08), 0 3px 0 4px rgba(0,0,0,.05)",
                      "color": "black",
                      "display": "flex",
                      "justifyContent": "center",
                      "overflow": "hidden",
                    }
                  }
                />
              </Experience>
              <StartExp>
                <VerticalTimelineElement
                  icon={<StartLogo />}
                  iconStyle={
                    Object {
                      "boxShadow": "0 0 0 3px rgb(16, 204, 82), inset 0 2px 0 rgb(16, 204, 82), 0 3px 0 4px rgb(16, 204, 82)",
                    }
                  }
                />
              </StartExp>
            </VerticalTimeline>
          </div>
        </Container>
      </section>
    </Container__Style>
  </Container>
</Experiences>
`;
